
Memory Configuration

Name             Origin             Length             Attributes
RAMX             0x0000000008134100 0x000000000000bf00 xr
*default*        0x0000000000000000 0xffffffffffffffff

Linker script and memory map


.text           0x0000000008134100      0x104
 build/crt0.o(.init)
 .init          0x0000000008134100        0x4 build/crt0.o
 *(.text)
 .text          0x0000000008134104        0x0 build/crt0.o
 .text          0x0000000008134104       0xc0 build/main.o
                0x0000000008134104                memcpy_
                0x0000000008134120                _main
 *fill*         0x00000000081341c4        0xc 
 .text          0x00000000081341d0       0x34 build/asm.o
                0x00000000081341d0                GetControlRegister
                0x00000000081341d8                SetControlRegister
                0x00000000081341e0                ClearEntireDCache
                0x00000000081341f4                GetCPSR
                0x00000000081341fc                SetCPSR

.glue_7         0x0000000008134204        0x0
 .glue_7        0x0000000008134204        0x0 linker stubs

.glue_7t        0x0000000008134204        0x0
 .glue_7t       0x0000000008134204        0x0 linker stubs

.vfp11_veneer   0x0000000008134204        0x0
 .vfp11_veneer  0x0000000008134204        0x0 linker stubs

.v4_bx          0x0000000008134204        0x0
 .v4_bx         0x0000000008134204        0x0 linker stubs

.iplt           0x0000000008134204        0x0
 .iplt          0x0000000008134204        0x0 build/crt0.o

.rodata         0x0000000008134204       0x68
 *(.rodata*)
 .rodata        0x0000000008134204       0x68 build/main.o
LOAD build/main.o
LOAD build/asm.o
LOAD libs\libgcc.a
OUTPUT(arm_code.elf elf32-bigarm)

.rel.dyn        0x000000000813426c        0x0
 .rel.iplt      0x000000000813426c        0x0 build/crt0.o

.data           0x0000000000000000        0x0
 .data          0x0000000000000000        0x0 build/crt0.o
 .data          0x0000000000000000        0x0 build/main.o
 .data          0x0000000000000000        0x0 build/asm.o

.igot.plt       0x0000000000000000        0x0
 .igot.plt      0x0000000000000000        0x0 build/crt0.o

.bss            0x0000000000000000        0x0
 .bss           0x0000000000000000        0x0 build/crt0.o
 .bss           0x0000000000000000        0x0 build/main.o
 .bss           0x0000000000000000        0x0 build/asm.o

.ARM.attributes
                0x0000000000000000       0x28
 .ARM.attributes
                0x0000000000000000       0x1c build/crt0.o
 .ARM.attributes
                0x000000000000001c       0x2c build/main.o
 .ARM.attributes
                0x0000000000000048       0x1c build/asm.o

.comment        0x0000000000000000       0x22
 .comment       0x0000000000000000       0x22 build/main.o
                                         0x23 (size before relaxing)
